Archive member included because of file (symbol)

c:/program files (x86)/atmel/atmel toolchain/avr8 gcc/native/3.4.1061/avr8-gnu-toolchain/bin/../lib/gcc/avr/4.8.1/avr4\libgcc.a(_exit.o)
                              c:/program files (x86)/atmel/atmel toolchain/avr8 gcc/native/3.4.1061/avr8-gnu-toolchain/bin/../lib/gcc/avr/4.8.1/../../../../avr/lib/avr4/crtm8a.o (exit)
c:/program files (x86)/atmel/atmel toolchain/avr8 gcc/native/3.4.1061/avr8-gnu-toolchain/bin/../lib/gcc/avr/4.8.1/avr4\libgcc.a(_clear_bss.o)
                              PP_driver.o (__do_clear_bss)
c:/program files (x86)/atmel/atmel toolchain/avr8 gcc/native/3.4.1061/avr8-gnu-toolchain/bin/../lib/gcc/avr/4.8.1/../../../../avr/lib/avr4\libc.a(eerd_block_atmega8a.o)
                              Tribus.o (__eerd_block_m8a)
c:/program files (x86)/atmel/atmel toolchain/avr8 gcc/native/3.4.1061/avr8-gnu-toolchain/bin/../lib/gcc/avr/4.8.1/../../../../avr/lib/avr4\libc.a(eeupd_byte_atmega8a.o)
                              Tribus.o (__eeupd_byte_m8a)
c:/program files (x86)/atmel/atmel toolchain/avr8 gcc/native/3.4.1061/avr8-gnu-toolchain/bin/../lib/gcc/avr/4.8.1/../../../../avr/lib/avr4\libc.a(eewr_block_atmega8a.o)
                              Tribus.o (__eewr_block_m8a)
c:/program files (x86)/atmel/atmel toolchain/avr8 gcc/native/3.4.1061/avr8-gnu-toolchain/bin/../lib/gcc/avr/4.8.1/../../../../avr/lib/avr4\libc.a(eewr_byte_atmega8a.o)
                              c:/program files (x86)/atmel/atmel toolchain/avr8 gcc/native/3.4.1061/avr8-gnu-toolchain/bin/../lib/gcc/avr/4.8.1/../../../../avr/lib/avr4\libc.a(eewr_block_atmega8a.o) (__eewr_r18_m8a)

Allocating common symbols
Common symbol       size              file

uart0_buf_tx        0x9               uart_tri_0.o
flagy               0x1               PP_driver.o
uart0_buf_pac_rx    0x90              uart_tri_0.o
TB_out              0x1               Tribus.o
TB_param            0x1d              Tribus.o
TB_Value            0x4               Tribus.o
TB_bufOut           0x9               Tribus.o
TB_gbparam          0x5               Tribus.o
TB_inp              0x1               Tribus.o
uart0_buf_rx        0x10              uart_tri_0.o
TB_AddrModule       0x1               Tribus.o
TB_bufIn            0x9               Tribus.o
uart0_buf_pac_tx    0x90              uart_tri_0.o
addr_setting_in_eeprom
                    0x2               Tribus.o
TB_AddrReply        0x1               Tribus.o

Discarded input sections

 .data          0x00000000        0x0 c:/program files (x86)/atmel/atmel toolchain/avr8 gcc/native/3.4.1061/avr8-gnu-toolchain/bin/../lib/gcc/avr/4.8.1/../../../../avr/lib/avr4/crtm8a.o
 .bss           0x00000000        0x0 c:/program files (x86)/atmel/atmel toolchain/avr8 gcc/native/3.4.1061/avr8-gnu-toolchain/bin/../lib/gcc/avr/4.8.1/../../../../avr/lib/avr4/crtm8a.o
 .text          0x00000000        0x0 PP_driver.o
 .data          0x00000000        0x0 PP_driver.o
 .bss           0x00000000        0x0 PP_driver.o
 .text          0x00000000        0x0 PP_periferie_a_porty.o
 .data          0x00000000        0x0 PP_periferie_a_porty.o
 .bss           0x00000000        0x0 PP_periferie_a_porty.o
 .text          0x00000000        0x0 Tribus.o
 .data          0x00000000        0x0 Tribus.o
 .bss           0x00000000        0x0 Tribus.o
 .text.TB_SetParam
                0x00000000       0x36 Tribus.o
 .text.TB_SendAckOK
                0x00000000        0xc Tribus.o
 .bss.TB_send_flag
                0x00000000        0x1 Tribus.o
 .text          0x00000000        0x0 uart_tri_0.o
 .data          0x00000000        0x0 uart_tri_0.o
 .bss           0x00000000        0x0 uart_tri_0.o
 .text.uart_pac_rx_size
                0x00000000        0xe uart_tri_0.o
 .text.uart0_get_data_end
                0x00000000       0x26 uart_tri_0.o
 .bss.uart0_tx_timeout
                0x00000000        0x1 uart_tri_0.o
 .text          0x00000000        0x0 c:/program files (x86)/atmel/atmel toolchain/avr8 gcc/native/3.4.1061/avr8-gnu-toolchain/bin/../lib/gcc/avr/4.8.1/avr4\libgcc.a(_exit.o)
 .data          0x00000000        0x0 c:/program files (x86)/atmel/atmel toolchain/avr8 gcc/native/3.4.1061/avr8-gnu-toolchain/bin/../lib/gcc/avr/4.8.1/avr4\libgcc.a(_exit.o)
 .bss           0x00000000        0x0 c:/program files (x86)/atmel/atmel toolchain/avr8 gcc/native/3.4.1061/avr8-gnu-toolchain/bin/../lib/gcc/avr/4.8.1/avr4\libgcc.a(_exit.o)
 .text.libgcc.mul
                0x00000000        0x0 c:/program files (x86)/atmel/atmel toolchain/avr8 gcc/native/3.4.1061/avr8-gnu-toolchain/bin/../lib/gcc/avr/4.8.1/avr4\libgcc.a(_exit.o)
 .text.libgcc.div
                0x00000000        0x0 c:/program files (x86)/atmel/atmel toolchain/avr8 gcc/native/3.4.1061/avr8-gnu-toolchain/bin/../lib/gcc/avr/4.8.1/avr4\libgcc.a(_exit.o)
 .text.libgcc   0x00000000        0x0 c:/program files (x86)/atmel/atmel toolchain/avr8 gcc/native/3.4.1061/avr8-gnu-toolchain/bin/../lib/gcc/avr/4.8.1/avr4\libgcc.a(_exit.o)
 .text.libgcc.prologue
                0x00000000        0x0 c:/program files (x86)/atmel/atmel toolchain/avr8 gcc/native/3.4.1061/avr8-gnu-toolchain/bin/../lib/gcc/avr/4.8.1/avr4\libgcc.a(_exit.o)
 .text.libgcc.builtins
                0x00000000        0x0 c:/program files (x86)/atmel/atmel toolchain/avr8 gcc/native/3.4.1061/avr8-gnu-toolchain/bin/../lib/gcc/avr/4.8.1/avr4\libgcc.a(_exit.o)
 .text.libgcc.fmul
                0x00000000        0x0 c:/program files (x86)/atmel/atmel toolchain/avr8 gcc/native/3.4.1061/avr8-gnu-toolchain/bin/../lib/gcc/avr/4.8.1/avr4\libgcc.a(_exit.o)
 .text.libgcc.fixed
                0x00000000        0x0 c:/program files (x86)/atmel/atmel toolchain/avr8 gcc/native/3.4.1061/avr8-gnu-toolchain/bin/../lib/gcc/avr/4.8.1/avr4\libgcc.a(_exit.o)
 .text          0x00000000        0x0 c:/program files (x86)/atmel/atmel toolchain/avr8 gcc/native/3.4.1061/avr8-gnu-toolchain/bin/../lib/gcc/avr/4.8.1/avr4\libgcc.a(_clear_bss.o)
 .data          0x00000000        0x0 c:/program files (x86)/atmel/atmel toolchain/avr8 gcc/native/3.4.1061/avr8-gnu-toolchain/bin/../lib/gcc/avr/4.8.1/avr4\libgcc.a(_clear_bss.o)
 .bss           0x00000000        0x0 c:/program files (x86)/atmel/atmel toolchain/avr8 gcc/native/3.4.1061/avr8-gnu-toolchain/bin/../lib/gcc/avr/4.8.1/avr4\libgcc.a(_clear_bss.o)
 .text.libgcc.mul
                0x00000000        0x0 c:/program files (x86)/atmel/atmel toolchain/avr8 gcc/native/3.4.1061/avr8-gnu-toolchain/bin/../lib/gcc/avr/4.8.1/avr4\libgcc.a(_clear_bss.o)
 .text.libgcc.div
                0x00000000        0x0 c:/program files (x86)/atmel/atmel toolchain/avr8 gcc/native/3.4.1061/avr8-gnu-toolchain/bin/../lib/gcc/avr/4.8.1/avr4\libgcc.a(_clear_bss.o)
 .text.libgcc   0x00000000        0x0 c:/program files (x86)/atmel/atmel toolchain/avr8 gcc/native/3.4.1061/avr8-gnu-toolchain/bin/../lib/gcc/avr/4.8.1/avr4\libgcc.a(_clear_bss.o)
 .text.libgcc.prologue
                0x00000000        0x0 c:/program files (x86)/atmel/atmel toolchain/avr8 gcc/native/3.4.1061/avr8-gnu-toolchain/bin/../lib/gcc/avr/4.8.1/avr4\libgcc.a(_clear_bss.o)
 .text.libgcc.builtins
                0x00000000        0x0 c:/program files (x86)/atmel/atmel toolchain/avr8 gcc/native/3.4.1061/avr8-gnu-toolchain/bin/../lib/gcc/avr/4.8.1/avr4\libgcc.a(_clear_bss.o)
 .text.libgcc.fmul
                0x00000000        0x0 c:/program files (x86)/atmel/atmel toolchain/avr8 gcc/native/3.4.1061/avr8-gnu-toolchain/bin/../lib/gcc/avr/4.8.1/avr4\libgcc.a(_clear_bss.o)
 .text.libgcc.fixed
                0x00000000        0x0 c:/program files (x86)/atmel/atmel toolchain/avr8 gcc/native/3.4.1061/avr8-gnu-toolchain/bin/../lib/gcc/avr/4.8.1/avr4\libgcc.a(_clear_bss.o)
 .text          0x00000000        0x0 c:/program files (x86)/atmel/atmel toolchain/avr8 gcc/native/3.4.1061/avr8-gnu-toolchain/bin/../lib/gcc/avr/4.8.1/../../../../avr/lib/avr4\libc.a(eerd_block_atmega8a.o)
 .data          0x00000000        0x0 c:/program files (x86)/atmel/atmel toolchain/avr8 gcc/native/3.4.1061/avr8-gnu-toolchain/bin/../lib/gcc/avr/4.8.1/../../../../avr/lib/avr4\libc.a(eerd_block_atmega8a.o)
 .bss           0x00000000        0x0 c:/program files (x86)/atmel/atmel toolchain/avr8 gcc/native/3.4.1061/avr8-gnu-toolchain/bin/../lib/gcc/avr/4.8.1/../../../../avr/lib/avr4\libc.a(eerd_block_atmega8a.o)
 .text          0x00000000        0x0 c:/program files (x86)/atmel/atmel toolchain/avr8 gcc/native/3.4.1061/avr8-gnu-toolchain/bin/../lib/gcc/avr/4.8.1/../../../../avr/lib/avr4\libc.a(eeupd_byte_atmega8a.o)
 .data          0x00000000        0x0 c:/program files (x86)/atmel/atmel toolchain/avr8 gcc/native/3.4.1061/avr8-gnu-toolchain/bin/../lib/gcc/avr/4.8.1/../../../../avr/lib/avr4\libc.a(eeupd_byte_atmega8a.o)
 .bss           0x00000000        0x0 c:/program files (x86)/atmel/atmel toolchain/avr8 gcc/native/3.4.1061/avr8-gnu-toolchain/bin/../lib/gcc/avr/4.8.1/../../../../avr/lib/avr4\libc.a(eeupd_byte_atmega8a.o)
 .text          0x00000000        0x0 c:/program files (x86)/atmel/atmel toolchain/avr8 gcc/native/3.4.1061/avr8-gnu-toolchain/bin/../lib/gcc/avr/4.8.1/../../../../avr/lib/avr4\libc.a(eewr_block_atmega8a.o)
 .data          0x00000000        0x0 c:/program files (x86)/atmel/atmel toolchain/avr8 gcc/native/3.4.1061/avr8-gnu-toolchain/bin/../lib/gcc/avr/4.8.1/../../../../avr/lib/avr4\libc.a(eewr_block_atmega8a.o)
 .bss           0x00000000        0x0 c:/program files (x86)/atmel/atmel toolchain/avr8 gcc/native/3.4.1061/avr8-gnu-toolchain/bin/../lib/gcc/avr/4.8.1/../../../../avr/lib/avr4\libc.a(eewr_block_atmega8a.o)
 .text          0x00000000        0x0 c:/program files (x86)/atmel/atmel toolchain/avr8 gcc/native/3.4.1061/avr8-gnu-toolchain/bin/../lib/gcc/avr/4.8.1/../../../../avr/lib/avr4\libc.a(eewr_byte_atmega8a.o)
 .data          0x00000000        0x0 c:/program files (x86)/atmel/atmel toolchain/avr8 gcc/native/3.4.1061/avr8-gnu-toolchain/bin/../lib/gcc/avr/4.8.1/../../../../avr/lib/avr4\libc.a(eewr_byte_atmega8a.o)
 .bss           0x00000000        0x0 c:/program files (x86)/atmel/atmel toolchain/avr8 gcc/native/3.4.1061/avr8-gnu-toolchain/bin/../lib/gcc/avr/4.8.1/../../../../avr/lib/avr4\libc.a(eewr_byte_atmega8a.o)

Memory Configuration

Name             Origin             Length             Attributes
text             0x00000000         0x00002000         xr
data             0x00800060         0x0000ffa0         rw !x
eeprom           0x00810000         0x00010000         rw !x
fuse             0x00820000         0x00000400         rw !x
lock             0x00830000         0x00000400         rw !x
signature        0x00840000         0x00000400         rw !x
user_signatures  0x00850000         0x00000400         rw !x
*default*        0x00000000         0xffffffff

Linker script and memory map

LOAD c:/program files (x86)/atmel/atmel toolchain/avr8 gcc/native/3.4.1061/avr8-gnu-toolchain/bin/../lib/gcc/avr/4.8.1/../../../../avr/lib/avr4/crtm8a.o
LOAD PP_driver.o
LOAD PP_periferie_a_porty.o
LOAD Tribus.o
LOAD uart_tri_0.o
START GROUP
LOAD c:/program files (x86)/atmel/atmel toolchain/avr8 gcc/native/3.4.1061/avr8-gnu-toolchain/bin/../lib/gcc/avr/4.8.1/../../../../avr/lib/avr4\libm.a
END GROUP
START GROUP
LOAD c:/program files (x86)/atmel/atmel toolchain/avr8 gcc/native/3.4.1061/avr8-gnu-toolchain/bin/../lib/gcc/avr/4.8.1/avr4\libgcc.a
LOAD c:/program files (x86)/atmel/atmel toolchain/avr8 gcc/native/3.4.1061/avr8-gnu-toolchain/bin/../lib/gcc/avr/4.8.1/../../../../avr/lib/avr4\libm.a
LOAD c:/program files (x86)/atmel/atmel toolchain/avr8 gcc/native/3.4.1061/avr8-gnu-toolchain/bin/../lib/gcc/avr/4.8.1/../../../../avr/lib/avr4\libc.a
END GROUP

.hash
 *(.hash)

.dynsym
 *(.dynsym)

.dynstr
 *(.dynstr)

.gnu.version
 *(.gnu.version)

.gnu.version_d
 *(.gnu.version_d)

.gnu.version_r
 *(.gnu.version_r)

.rel.init
 *(.rel.init)

.rela.init
 *(.rela.init)

.rel.text
 *(.rel.text)
 *(.rel.text.*)
 *(.rel.gnu.linkonce.t*)

.rela.text
 *(.rela.text)
 *(.rela.text.*)
 *(.rela.gnu.linkonce.t*)

.rel.fini
 *(.rel.fini)

.rela.fini
 *(.rela.fini)

.rel.rodata
 *(.rel.rodata)
 *(.rel.rodata.*)
 *(.rel.gnu.linkonce.r*)

.rela.rodata
 *(.rela.rodata)
 *(.rela.rodata.*)
 *(.rela.gnu.linkonce.r*)

.rel.data
 *(.rel.data)
 *(.rel.data.*)
 *(.rel.gnu.linkonce.d*)

.rela.data
 *(.rela.data)
 *(.rela.data.*)
 *(.rela.gnu.linkonce.d*)

.rel.ctors
 *(.rel.ctors)

.rela.ctors
 *(.rela.ctors)

.rel.dtors
 *(.rel.dtors)

.rela.dtors
 *(.rela.dtors)

.rel.got
 *(.rel.got)

.rela.got
 *(.rela.got)

.rel.bss
 *(.rel.bss)

.rela.bss
 *(.rela.bss)

.rel.plt
 *(.rel.plt)

.rela.plt
 *(.rela.plt)

.text           0x00000000      0xe02
 *(.vectors)
 .vectors       0x00000000       0x26 c:/program files (x86)/atmel/atmel toolchain/avr8 gcc/native/3.4.1061/avr8-gnu-toolchain/bin/../lib/gcc/avr/4.8.1/../../../../avr/lib/avr4/crtm8a.o
                0x00000000                __vector_default
                0x00000000                __vectors
 *(.vectors)
 *(.progmem.gcc*)
 .progmem.gcc_sw_table.uart0_set_baud
                0x00000026       0x16 uart_tri_0.o
                0x0000003c                . = ALIGN (0x2)
                0x0000003c                __trampolines_start = .
 *(.trampolines)
 .trampolines   0x0000003c        0x0 linker stubs
 *(.trampolines*)
                0x0000003c                __trampolines_end = .
 *(.progmem*)
                0x0000003c                . = ALIGN (0x2)
 *(.jumptables)
 *(.jumptables*)
 *(.lowtext)
 *(.lowtext*)
                0x0000003c                __ctors_start = .
 *(.ctors)
                0x0000003c                __ctors_end = .
                0x0000003c                __dtors_start = .
 *(.dtors)
                0x0000003c                __dtors_end = .
 SORT(*)(.ctors)
 SORT(*)(.dtors)
 *(.init0)
 .init0         0x0000003c        0x0 c:/program files (x86)/atmel/atmel toolchain/avr8 gcc/native/3.4.1061/avr8-gnu-toolchain/bin/../lib/gcc/avr/4.8.1/../../../../avr/lib/avr4/crtm8a.o
                0x0000003c                __init
 *(.init0)
 *(.init1)
 *(.init1)
 *(.init2)
 .init2         0x0000003c        0xc c:/program files (x86)/atmel/atmel toolchain/avr8 gcc/native/3.4.1061/avr8-gnu-toolchain/bin/../lib/gcc/avr/4.8.1/../../../../avr/lib/avr4/crtm8a.o
 *(.init2)
 *(.init3)
 *(.init3)
 *(.init4)
 .init4         0x00000048       0x10 c:/program files (x86)/atmel/atmel toolchain/avr8 gcc/native/3.4.1061/avr8-gnu-toolchain/bin/../lib/gcc/avr/4.8.1/avr4\libgcc.a(_clear_bss.o)
                0x00000048                __do_clear_bss
 *(.init4)
 *(.init5)
 *(.init5)
 *(.init6)
 *(.init6)
 *(.init7)
 *(.init7)
 *(.init8)
 *(.init8)
 *(.init9)
 .init9         0x00000058        0x4 c:/program files (x86)/atmel/atmel toolchain/avr8 gcc/native/3.4.1061/avr8-gnu-toolchain/bin/../lib/gcc/avr/4.8.1/../../../../avr/lib/avr4/crtm8a.o
 *(.init9)
 *(.text)
 .text          0x0000005c        0x2 c:/program files (x86)/atmel/atmel toolchain/avr8 gcc/native/3.4.1061/avr8-gnu-toolchain/bin/../lib/gcc/avr/4.8.1/../../../../avr/lib/avr4/crtm8a.o
                0x0000005c                __vector_1
                0x0000005c                __vector_12
                0x0000005c                __bad_interrupt
                0x0000005c                __vector_3
                0x0000005c                __vector_17
                0x0000005c                __vector_7
                0x0000005c                __vector_5
                0x0000005c                __vector_4
                0x0000005c                __vector_15
                0x0000005c                __vector_8
                0x0000005c                __vector_14
                0x0000005c                __vector_10
                0x0000005c                __vector_18
                0x0000005e                . = ALIGN (0x2)
 *(.text.*)
 .text.send_data
                0x0000005e        0x8 PP_driver.o
                0x0000005e                send_data
 .text.__vector_9
                0x00000066       0x2c PP_driver.o
                0x00000066                __vector_9
 .text.__vector_2
                0x00000092       0x24 PP_driver.o
                0x00000092                __vector_2
 .text.__vector_6
                0x000000b6       0xcc PP_driver.o
                0x000000b6                __vector_6
 .text.__vector_16
                0x00000182       0x22 PP_driver.o
                0x00000182                __vector_16
 .text.main     0x000001a4      0x13c PP_driver.o
                0x000001a4                main
 .text.ext_inter_init
                0x000002e0        0xc PP_periferie_a_porty.o
                0x000002e0                ext_inter_init
 .text.ACO_init
                0x000002ec        0x6 PP_periferie_a_porty.o
                0x000002ec                ACO_init
 .text.slow_timer0_init
                0x000002f2        0xc PP_periferie_a_porty.o
                0x000002f2                slow_timer0_init
 .text.timer1_init
                0x000002fe        0xa PP_periferie_a_porty.o
                0x000002fe                timer1_init
 .text.porty_init
                0x00000308       0x1c PP_periferie_a_porty.o
                0x00000308                porty_init
 .text.TB_Send  0x00000324       0x10 Tribus.o
                0x00000324                TB_Send
 .text.TB_calcSum
                0x00000334       0x1a Tribus.o
                0x00000334                TB_calcSum
 .text.TB_Init  0x0000034e       0x72 Tribus.o
                0x0000034e                TB_Init
 .text.TB_SendAck
                0x000003c0       0x32 Tribus.o
                0x000003c0                TB_SendAck
 .text.TB_Read  0x000003f2       0x3e Tribus.o
                0x000003f2                TB_Read
 .text.TB_Decode
                0x00000430      0x5d0 Tribus.o
                0x00000430                TB_Decode
 .text.uart_pac_rx_empty
                0x00000a00       0x10 uart_tri_0.o
                0x00000a00                uart_pac_rx_empty
 .text.uart_get_char
                0x00000a10       0x28 uart_tri_0.o
                0x00000a10                uart_get_char
 .text.uart_receive_char
                0x00000a38       0x18 uart_tri_0.o
                0x00000a38                uart_receive_char
 .text.uart_send_char
                0x00000a50       0x16 uart_tri_0.o
                0x00000a50                uart_send_char
 .text.uart_send
                0x00000a66       0x1e uart_tri_0.o
                0x00000a66                uart_send
 .text.uart_interrupt_rx
                0x00000a84        0xc uart_tri_0.o
                0x00000a84                uart_interrupt_rx
 .text.uart_interrupt_tx
                0x00000a90        0xc uart_tri_0.o
                0x00000a90                uart_interrupt_tx
 .text.__vector_11
                0x00000a9c       0x5a uart_tri_0.o
                0x00000a9c                __vector_11
 .text.__vector_13
                0x00000af6       0x66 uart_tri_0.o
                0x00000af6                __vector_13
 .text.uart0_init
                0x00000b5c       0x18 uart_tri_0.o
                0x00000b5c                uart0_init
 .text.uart0_process
                0x00000b74      0x11e uart_tri_0.o
                0x00000b74                uart0_process
 .text.uart0_ISR_timer
                0x00000c92       0x30 uart_tri_0.o
                0x00000c92                uart0_ISR_timer
 .text.uart0_get_data_begin
                0x00000cc2       0x22 uart_tri_0.o
                0x00000cc2                uart0_get_data_begin
 .text.uart0_put_data
                0x00000ce4       0x56 uart_tri_0.o
                0x00000ce4                uart0_put_data
 .text.uart0_set_baud
                0x00000d3a       0x56 uart_tri_0.o
                0x00000d3a                uart0_set_baud
 .text.avr-libc
                0x00000d90       0x20 c:/program files (x86)/atmel/atmel toolchain/avr8 gcc/native/3.4.1061/avr8-gnu-toolchain/bin/../lib/gcc/avr/4.8.1/../../../../avr/lib/avr4\libc.a(eerd_block_atmega8a.o)
                0x00000d90                __eerd_block_m8a
                0x00000d94                __eerd_blraw_m8a
 .text.avr-libc
                0x00000db0       0x22 c:/program files (x86)/atmel/atmel toolchain/avr8 gcc/native/3.4.1061/avr8-gnu-toolchain/bin/../lib/gcc/avr/4.8.1/../../../../avr/lib/avr4\libc.a(eeupd_byte_atmega8a.o)
                0x00000db0                __eeupd_byte_m8a
                0x00000db2                __eeupd_r18_m8a
 .text.avr-libc
                0x00000dd2       0x12 c:/program files (x86)/atmel/atmel toolchain/avr8 gcc/native/3.4.1061/avr8-gnu-toolchain/bin/../lib/gcc/avr/4.8.1/../../../../avr/lib/avr4\libc.a(eewr_block_atmega8a.o)
                0x00000dd2                __eewr_block_m8a
 .text.avr-libc
                0x00000de4       0x1a c:/program files (x86)/atmel/atmel toolchain/avr8 gcc/native/3.4.1061/avr8-gnu-toolchain/bin/../lib/gcc/avr/4.8.1/../../../../avr/lib/avr4\libc.a(eewr_byte_atmega8a.o)
                0x00000de4                __eewr_byte_m8a
                0x00000de6                __eewr_r18_m8a
                0x00000dfe                . = ALIGN (0x2)
 *(.fini9)
 .fini9         0x00000dfe        0x0 c:/program files (x86)/atmel/atmel toolchain/avr8 gcc/native/3.4.1061/avr8-gnu-toolchain/bin/../lib/gcc/avr/4.8.1/avr4\libgcc.a(_exit.o)
                0x00000dfe                _exit
                0x00000dfe                exit
 *(.fini9)
 *(.fini8)
 *(.fini8)
 *(.fini7)
 *(.fini7)
 *(.fini6)
 *(.fini6)
 *(.fini5)
 *(.fini5)
 *(.fini4)
 *(.fini4)
 *(.fini3)
 *(.fini3)
 *(.fini2)
 *(.fini2)
 *(.fini1)
 *(.fini1)
 *(.fini0)
 .fini0         0x00000dfe        0x4 c:/program files (x86)/atmel/atmel toolchain/avr8 gcc/native/3.4.1061/avr8-gnu-toolchain/bin/../lib/gcc/avr/4.8.1/avr4\libgcc.a(_exit.o)
 *(.fini0)
                0x00000e02                _etext = .

.data           0x00800060        0x0 load address 0x00000e02
                0x00800060                PROVIDE (__data_start, .)
 *(.data)
 *(.data*)
 *(.rodata)
 *(.rodata*)
 *(.gnu.linkonce.d*)
                0x00800060                . = ALIGN (0x2)
                0x00800060                _edata = .
                0x00800060                PROVIDE (__data_end, .)

.bss            0x00800060      0x190
                0x00800060                PROVIDE (__bss_start, .)
 *(.bss)
 *(.bss*)
 .bss.pozadovana_rychlsot
                0x00800060        0x2 PP_driver.o
                0x00800060                pozadovana_rychlsot
 .bss.sucasna_rychlost
                0x00800062        0x2 PP_driver.o
                0x00800062                sucasna_rychlost
 .bss.step_cnt  0x00800064        0x2 PP_driver.o
                0x00800064                step_cnt
 .bss.mikrostep_cnt
                0x00800066        0x2 PP_driver.o
                0x00800066                mikrostep_cnt
 .bss.icnt0     0x00800068        0x1 PP_driver.o
                0x00800068                icnt0
 .bss.TB_Callback_setBaud
                0x00800069        0x2 Tribus.o
                0x00800069                TB_Callback_setBaud
 .bss.TB_Callback_TX
                0x0080006b        0x2 Tribus.o
                0x0080006b                TB_Callback_TX
 .bss.uart0_rx_timeout_flag.1610
                0x0080006d        0x1 uart_tri_0.o
 .bss.uart0_flags
                0x0080006e        0x1 uart_tri_0.o
                0x0080006e                uart0_flags
 .bss.uart0_status
                0x0080006f        0x1 uart_tri_0.o
                0x0080006f                uart0_status
 .bss.uart0_rx_timeout
                0x00800070        0x1 uart_tri_0.o
                0x00800070                uart0_rx_timeout
 .bss.uart0_buf_pac_rx_ptr_e
                0x00800071        0x1 uart_tri_0.o
                0x00800071                uart0_buf_pac_rx_ptr_e
 .bss.uart0_buf_pac_rx_ptr_b
                0x00800072        0x1 uart_tri_0.o
                0x00800072                uart0_buf_pac_rx_ptr_b
 .bss.uart0_buf_pac_tx_ptr_e
                0x00800073        0x1 uart_tri_0.o
                0x00800073                uart0_buf_pac_tx_ptr_e
 .bss.uart0_buf_pac_tx_ptr_b
                0x00800074        0x1 uart_tri_0.o
                0x00800074                uart0_buf_pac_tx_ptr_b
 .bss.uart0_buf_tx_ptr
                0x00800075        0x1 uart_tri_0.o
                0x00800075                uart0_buf_tx_ptr
 .bss.uart0_buf_rx_ptr_e
                0x00800076        0x1 uart_tri_0.o
                0x00800076                uart0_buf_rx_ptr_e
 .bss.uart0_buf_rx_ptr_b
                0x00800077        0x1 uart_tri_0.o
                0x00800077                uart0_buf_rx_ptr_b
 *(COMMON)
 COMMON         0x00800078        0x1 PP_driver.o
                0x00800078                flagy
 COMMON         0x00800079       0x3e Tribus.o
                0x00800079                TB_out
                0x0080007a                TB_param
                0x00800097                TB_Value
                0x0080009b                TB_bufOut
                0x008000a4                TB_gbparam
                0x008000a9                TB_inp
                0x008000aa                TB_AddrModule
                0x008000ab                TB_bufIn
                0x008000b4                addr_setting_in_eeprom
                0x008000b6                TB_AddrReply
 COMMON         0x008000b7      0x139 uart_tri_0.o
                0x008000b7                uart0_buf_tx
                0x008000c0                uart0_buf_pac_rx
                0x00800150                uart0_buf_rx
                0x00800160                uart0_buf_pac_tx
                0x008001f0                PROVIDE (__bss_end, .)
                0x00000e02                __data_load_start = LOADADDR (.data)
                0x00000e02                __data_load_end = (__data_load_start + SIZEOF (.data))

.noinit         0x008001f0        0x0
                0x008001f0                PROVIDE (__noinit_start, .)
 *(.noinit*)
                0x008001f0                PROVIDE (__noinit_end, .)
                0x008001f0                _end = .
                0x008001f0                PROVIDE (__heap_start, .)

.eeprom         0x00810000        0x0
 *(.eeprom*)
                0x00810000                __eeprom_end = .

.fuse
 *(.fuse)
 *(.lfuse)
 *(.hfuse)
 *(.efuse)

.lock
 *(.lock*)

.signature
 *(.signature*)

.user_signatures
 *(.user_signatures*)

.stab
 *(.stab)

.stabstr
 *(.stabstr)

.stab.excl
 *(.stab.excl)

.stab.exclstr
 *(.stab.exclstr)

.stab.index
 *(.stab.index)

.stab.indexstr
 *(.stab.indexstr)

.comment        0x00000000       0x30
 *(.comment)
 .comment       0x00000000       0x30 PP_driver.o
                                 0x31 (size before relaxing)
 .comment       0x00000000       0x31 PP_periferie_a_porty.o
 .comment       0x00000000       0x31 Tribus.o
 .comment       0x00000000       0x31 uart_tri_0.o

.note.gnu.build-id
 *(.note.gnu.build-id)

.debug
 *(.debug)

.line
 *(.line)

.debug_srcinfo
 *(.debug_srcinfo)

.debug_sfnames
 *(.debug_sfnames)

.debug_aranges  0x00000000      0x180
 *(.debug_aranges)
 .debug_aranges
                0x00000000       0x48 PP_driver.o
 .debug_aranges
                0x00000048       0x40 PP_periferie_a_porty.o
 .debug_aranges
                0x00000088       0x58 Tribus.o
 .debug_aranges
                0x000000e0       0xa0 uart_tri_0.o

.debug_pubnames
 *(.debug_pubnames)

.debug_info     0x00000000     0x17bd
 *(.debug_info .gnu.linkonce.wi.*)
 .debug_info    0x00000000      0x509 PP_driver.o
 .debug_info    0x00000509       0xdb PP_periferie_a_porty.o
 .debug_info    0x000005e4      0xaba Tribus.o
 .debug_info    0x0000109e      0x71f uart_tri_0.o

.debug_abbrev   0x00000000      0x67a
 *(.debug_abbrev)
 .debug_abbrev  0x00000000      0x1a0 PP_driver.o
 .debug_abbrev  0x000001a0       0x51 PP_periferie_a_porty.o
 .debug_abbrev  0x000001f1      0x22c Tribus.o
 .debug_abbrev  0x0000041d      0x25d uart_tri_0.o

.debug_line     0x00000000      0x955
 *(.debug_line .debug_line.* .debug_line_end)
 .debug_line    0x00000000      0x1b4 PP_driver.o
 .debug_line    0x000001b4      0x103 PP_periferie_a_porty.o
 .debug_line    0x000002b7      0x401 Tribus.o
 .debug_line    0x000006b8      0x29d uart_tri_0.o

.debug_frame    0x00000000      0x3e4
 *(.debug_frame)
 .debug_frame   0x00000000       0xcc PP_driver.o
 .debug_frame   0x000000cc       0x64 PP_periferie_a_porty.o
 .debug_frame   0x00000130       0xd0 Tribus.o
 .debug_frame   0x00000200      0x1e4 uart_tri_0.o

.debug_str      0x00000000      0x71a
 *(.debug_str)
 .debug_str     0x00000000      0x337 PP_driver.o
                                0x379 (size before relaxing)
 .debug_str     0x00000337       0x1c PP_periferie_a_porty.o
                                0x1a2 (size before relaxing)
 .debug_str     0x00000353      0x199 Tribus.o
                                0x37c (size before relaxing)
 .debug_str     0x000004ec      0x22e uart_tri_0.o
                                0x447 (size before relaxing)

.debug_loc      0x00000000      0xa28
 *(.debug_loc)
 .debug_loc     0x00000000      0x18a PP_driver.o
 .debug_loc     0x0000018a      0x30c Tribus.o
 .debug_loc     0x00000496      0x592 uart_tri_0.o

.debug_macinfo
 *(.debug_macinfo)

.debug_weaknames
 *(.debug_weaknames)

.debug_funcnames
 *(.debug_funcnames)

.debug_typenames
 *(.debug_typenames)

.debug_varnames
 *(.debug_varnames)

.debug_pubtypes
 *(.debug_pubtypes)

.debug_ranges   0x00000000      0x140
 *(.debug_ranges)
 .debug_ranges  0x00000000       0x38 PP_driver.o
 .debug_ranges  0x00000038       0x30 PP_periferie_a_porty.o
 .debug_ranges  0x00000068       0x48 Tribus.o
 .debug_ranges  0x000000b0       0x90 uart_tri_0.o

.debug_macro
 *(.debug_macro)
OUTPUT(PP_driver.elf elf32-avr)
LOAD linker stubs
